// Jest Snapshot v1, https://goo.gl/fbAQLP

exports[`ContactForm should render 1`] = `
<DocumentFragment>
  <h2
    class="break-words font-bold text-3xl md:text-4xl"
  >
    Contact the Fusion Team
  </h2>
  <div
    class="flex flex-row flex-wrap items-center gap-1 py-4"
  >
    <p
      class="w-full"
    >
      This contact form goes directly to the Fusion team
    </p>
    <p>
      We aim to reply via email as soon as possible
    </p>
    <span
      style="box-sizing: border-box; display: inline-block; overflow: hidden; width: 20px; height: 20px; background: none; opacity: 1; border: 0px; margin: 0px; padding: 0px; position: relative;"
    >
      <img
        alt="Fusion heart"
        class="inline-block"
        data-nimg="fixed"
        decoding="async"
        src="data:image/gif;base64,R0lGODlhAQABAIAAAAAAAP///yH5BAEAAAAALAAAAAABAAEAAAIBRAA7"
        style="position: absolute; top: 0px; left: 0px; bottom: 0px; right: 0px; box-sizing: border-box; padding: 0px; margin: auto; display: block; width: 0px; height: 0px; min-width: 100%; max-width: 100%; min-height: 100%; max-height: 100%;"
      />
      <noscript />
    </span>
  </div>
  <form
    class="flex flex-col gap-6 py-4"
  >
    <div>
      <label
        class="text-sm font-medium opacity-60 block pb-1"
        for="name"
      >
        Name
      </label>
      <input
        class="w-full px-4 py-2 h-12 border border-gray-300 rounded-md focus:outline-none focus:ring focus:ring-blue focus:border-transparent bg-white dark:bg-slate-800 dark:border-slate-700 dark:text-white disabled:opacity-50 disabled:cursor-not-allowed focus:placeholder-transparent placeholder:opacity-75 h-12"
        name="name"
        placeholder="Arthur Dent"
      />
    </div>
    <div
      class="hidden"
    >
      <label
        class="text-sm font-medium opacity-60 block pb-1"
        for="query"
      >
        Query
      </label>
      <input
        class="w-full px-4 py-2 h-12 border border-gray-300 rounded-md focus:outline-none focus:ring focus:ring-blue focus:border-transparent bg-white dark:bg-slate-800 dark:border-slate-700 dark:text-white disabled:opacity-50 disabled:cursor-not-allowed focus:placeholder-transparent placeholder:opacity-75 h-12"
        name="query"
        placeholder="Tell us more"
      />
    </div>
    <div>
      <label
        class="text-sm font-medium opacity-60 block pb-1"
        for="email"
      >
        Email
      </label>
      <input
        class="w-full px-4 py-2 h-12 border border-gray-300 rounded-md focus:outline-none focus:ring focus:ring-blue focus:border-transparent bg-white dark:bg-slate-800 dark:border-slate-700 dark:text-white disabled:opacity-50 disabled:cursor-not-allowed focus:placeholder-transparent placeholder:opacity-75 h-12"
        name="email"
        placeholder="arthur@dent.io"
        type="email"
      />
    </div>
    <div>
      <label
        class="text-sm font-medium opacity-60 block pb-1"
        for="type"
      >
        Subject
      </label>
      <select
        class="w-full h-12 px-3 py-3 border border-gray-300 rounded-md focus:outline-none focus:ring focus:ring-blue focus:border-transparent bg-white dark:bg-slate-800 dark:border-slate-700 dark:text-white disabled:opacity-50 disabled:cursor-not-allowed"
        name="type"
      >
        <option
          value="general"
        >
          General
        </option>
        <option
          value="talkSubmission"
        >
          Talk Submission
        </option>
        <option
          value="question"
        >
          Question
        </option>
        <option
          value="sponsorship"
        >
          Sponsorship
        </option>
        <option
          value="feedback"
        >
          Feedback
        </option>
      </select>
    </div>
    <div
      class="relative"
    >
      <label
        class="text-sm font-medium opacity-60 block pb-1"
        for="type"
      >
        Message
      </label>
      <textarea
        class="w-full px-4 py-2 h-12 border border-gray-300 rounded-md focus:outline-none focus:ring focus:ring-blue focus:border-transparent bg-white dark:bg-slate-800 dark:border-slate-700 dark:text-white disabled:opacity-50 disabled:cursor-not-allowed focus:placeholder-transparent placeholder:opacity-75 h-40"
        name="message"
        placeholder="Hi Fusion team!"
      />
      <div
        class="absolute bottom-4 right-4"
      />
    </div>
    <div
      class="flex flex-row justify-end items-center gap-8"
    >
      <input
        class="cursor-pointer font-bold py-2 px-4 rounded-md text-md box-content margin-0 leading-normal block w-fit flex flex-row items-center justify-center gap-2 text-base bg-pink-500 hover:bg-pink-400 outline-pink-500/50 text-black px-16 transition-all ease-out duration-100 hover:shadow focus:outline active:outline outline-3 outline-offset-2 focus:scale-95"
        type="submit"
        value="Submit"
      />
    </div>
  </form>
</DocumentFragment>
`;
